// Jest Snapshot v1, https://goo.gl/fbAQLP

exports[`works unstably 1`] = `"console.log(0);"`;

exports[`works unstably starting with initializer 1`] = `"console.log(0);"`;
